Archive member included to satisfy reference by file (symbol)

/Users/cherikiansh/Desktop/STM32CubeIDE.app/Contents/Eclipse/plugins/com.st.stm32cube.ide.mcu.externaltools.gnu-tools-for-stm32.12.3.rel1.macos64_1.0.100.202403111906/tools/bin/../lib/gcc/arm-none-eabi/12.3.1/../../../../arm-none-eabi/lib/thumb/v7e-m/nofp/libc_nano.a(libc_a-exit.o)
                              /Users/cherikiansh/Desktop/STM32CubeIDE.app/Contents/Eclipse/plugins/com.st.stm32cube.ide.mcu.externaltools.gnu-tools-for-stm32.12.3.rel1.macos64_1.0.100.202403111906/tools/bin/../lib/gcc/arm-none-eabi/12.3.1/../../../../arm-none-eabi/lib/thumb/v7e-m/nofp/crt0.o (exit)
/Users/cherikiansh/Desktop/STM32CubeIDE.app/Contents/Eclipse/plugins/com.st.stm32cube.ide.mcu.externaltools.gnu-tools-for-stm32.12.3.rel1.macos64_1.0.100.202403111906/tools/bin/../lib/gcc/arm-none-eabi/12.3.1/../../../../arm-none-eabi/lib/thumb/v7e-m/nofp/libc_nano.a(libc_a-findfp.o)
                              /Users/cherikiansh/Desktop/STM32CubeIDE.app/Contents/Eclipse/plugins/com.st.stm32cube.ide.mcu.externaltools.gnu-tools-for-stm32.12.3.rel1.macos64_1.0.100.202403111906/tools/bin/../lib/gcc/arm-none-eabi/12.3.1/../../../../arm-none-eabi/lib/thumb/v7e-m/nofp/libc_nano.a(libc_a-exit.o) (__stdio_exit_handler)
/Users/cherikiansh/Desktop/STM32CubeIDE.app/Contents/Eclipse/plugins/com.st.stm32cube.ide.mcu.externaltools.gnu-tools-for-stm32.12.3.rel1.macos64_1.0.100.202403111906/tools/bin/../lib/gcc/arm-none-eabi/12.3.1/../../../../arm-none-eabi/lib/thumb/v7e-m/nofp/libc_nano.a(libc_a-fwalk.o)
                              /Users/cherikiansh/Desktop/STM32CubeIDE.app/Contents/Eclipse/plugins/com.st.stm32cube.ide.mcu.externaltools.gnu-tools-for-stm32.12.3.rel1.macos64_1.0.100.202403111906/tools/bin/../lib/gcc/arm-none-eabi/12.3.1/../../../../arm-none-eabi/lib/thumb/v7e-m/nofp/libc_nano.a(libc_a-findfp.o) (_fwalk_sglue)
/Users/cherikiansh/Desktop/STM32CubeIDE.app/Contents/Eclipse/plugins/com.st.stm32cube.ide.mcu.externaltools.gnu-tools-for-stm32.12.3.rel1.macos64_1.0.100.202403111906/tools/bin/../lib/gcc/arm-none-eabi/12.3.1/../../../../arm-none-eabi/lib/thumb/v7e-m/nofp/libc_nano.a(libc_a-memset.o)
                              /Users/cherikiansh/Desktop/STM32CubeIDE.app/Contents/Eclipse/plugins/com.st.stm32cube.ide.mcu.externaltools.gnu-tools-for-stm32.12.3.rel1.macos64_1.0.100.202403111906/tools/bin/../lib/gcc/arm-none-eabi/12.3.1/../../../../arm-none-eabi/lib/thumb/v7e-m/nofp/crt0.o (memset)
/Users/cherikiansh/Desktop/STM32CubeIDE.app/Contents/Eclipse/plugins/com.st.stm32cube.ide.mcu.externaltools.gnu-tools-for-stm32.12.3.rel1.macos64_1.0.100.202403111906/tools/bin/../lib/gcc/arm-none-eabi/12.3.1/../../../../arm-none-eabi/lib/thumb/v7e-m/nofp/libc_nano.a(libc_a-impure.o)
                              /Users/cherikiansh/Desktop/STM32CubeIDE.app/Contents/Eclipse/plugins/com.st.stm32cube.ide.mcu.externaltools.gnu-tools-for-stm32.12.3.rel1.macos64_1.0.100.202403111906/tools/bin/../lib/gcc/arm-none-eabi/12.3.1/../../../../arm-none-eabi/lib/thumb/v7e-m/nofp/libc_nano.a(libc_a-findfp.o) (_impure_data)
/Users/cherikiansh/Desktop/STM32CubeIDE.app/Contents/Eclipse/plugins/com.st.stm32cube.ide.mcu.externaltools.gnu-tools-for-stm32.12.3.rel1.macos64_1.0.100.202403111906/tools/bin/../lib/gcc/arm-none-eabi/12.3.1/../../../../arm-none-eabi/lib/thumb/v7e-m/nofp/libc_nano.a(libc_a-errno.o)
                              ./Src/syscalls.o (__errno)
/Users/cherikiansh/Desktop/STM32CubeIDE.app/Contents/Eclipse/plugins/com.st.stm32cube.ide.mcu.externaltools.gnu-tools-for-stm32.12.3.rel1.macos64_1.0.100.202403111906/tools/bin/../lib/gcc/arm-none-eabi/12.3.1/../../../../arm-none-eabi/lib/thumb/v7e-m/nofp/libc_nano.a(libc_a-init.o)
                              /Users/cherikiansh/Desktop/STM32CubeIDE.app/Contents/Eclipse/plugins/com.st.stm32cube.ide.mcu.externaltools.gnu-tools-for-stm32.12.3.rel1.macos64_1.0.100.202403111906/tools/bin/../lib/gcc/arm-none-eabi/12.3.1/../../../../arm-none-eabi/lib/thumb/v7e-m/nofp/crt0.o (__libc_init_array)
/Users/cherikiansh/Desktop/STM32CubeIDE.app/Contents/Eclipse/plugins/com.st.stm32cube.ide.mcu.externaltools.gnu-tools-for-stm32.12.3.rel1.macos64_1.0.100.202403111906/tools/bin/../lib/gcc/arm-none-eabi/12.3.1/../../../../arm-none-eabi/lib/thumb/v7e-m/nofp/libc_nano.a(libc_a-lock.o)
                              /Users/cherikiansh/Desktop/STM32CubeIDE.app/Contents/Eclipse/plugins/com.st.stm32cube.ide.mcu.externaltools.gnu-tools-for-stm32.12.3.rel1.macos64_1.0.100.202403111906/tools/bin/../lib/gcc/arm-none-eabi/12.3.1/../../../../arm-none-eabi/lib/thumb/v7e-m/nofp/libc_nano.a(libc_a-findfp.o) (__retarget_lock_init_recursive)
/Users/cherikiansh/Desktop/STM32CubeIDE.app/Contents/Eclipse/plugins/com.st.stm32cube.ide.mcu.externaltools.gnu-tools-for-stm32.12.3.rel1.macos64_1.0.100.202403111906/tools/bin/../lib/gcc/arm-none-eabi/12.3.1/../../../../arm-none-eabi/lib/thumb/v7e-m/nofp/libc_nano.a(libc_a-mallocr.o)
[...]
Memory Configuration

Name             Origin             Length             Attributes
CCMRAM           0x10000000         0x00010000         xrw
RAM              0x20000000         0x00020000         xrw
FLASH            0x08000000         0x00100000         xr
*default*        0x00000000         0xffffffff

Linker script and memory map

LOAD /Users/cherikiansh/Desktop/STM32CubeIDE.app/Contents/Eclipse/plugins/com.st.stm32cube.ide.mcu.externaltools.gnu-tools-for-stm32.12.3.rel1.macos64_1.0.100.202403111906/tools/bin/../lib/gcc/arm-none-eabi/12.3.1/thumb/v7e-m/nofp/crti.o
LOAD /Users/cherikiansh/Desktop/STM32CubeIDE.app/Contents/Eclipse/plugins/com.st.stm32cube.ide.mcu.externaltools.gnu-tools-for-stm32.12.3.rel1.macos64_1.0.100.202403111906/tools/bin/../lib/gcc/arm-none-eabi/12.3.1/thumb/v7e-m/nofp/crtbegin.o
LOAD /Users/cherikiansh/Desktop/STM32CubeIDE.app/Contents/Eclipse/plugins/com.st.stm32cube.ide.mcu.externaltools.gnu-tools-for-stm32.12.3.rel1.macos64_1.0.100.202403111906/tools/bin/../lib/gcc/arm-none-eabi/12.3.1/../../../../arm-none-eabi/lib/thumb/v7e-m/nofp/crt0.o
LOAD ./Src/itm.o
LOAD ./Src/ledver.o
LOAD ./Src/main.o
LOAD ./Src/syscalls.o
LOAD ./Src/sysmem.o
LOAD ./Src/system_stm32f4xx.o
LOAD ./Src/usart.o
LOAD ./Startup/startup_stm32f407vgtx.o
START GROUP
LOAD /Users/cherikiansh/Desktop/STM32CubeIDE.app/Contents/Eclipse/plugins/com.st.stm32cube.ide.mcu.externaltools.gnu-tools-for-stm32.12.3.rel1.macos64_1.0.100.202403111906/tools/bin/../lib/gcc/arm-none-eabi/12.3.1/../../../../arm-none-eabi/lib/thumb/v7e-m/nofp/libc_nano.a
LOAD /Users/cherikiansh/Desktop/STM32CubeIDE.app/Contents/Eclipse/plugins/com.st.stm32cube.ide.mcu.externaltools.gnu-tools-for-stm32.12.3.rel1.macos64_1.0.100.202403111906/tools/bin/../lib/gcc/arm-none-eabi/12.3.1/../../../../arm-none-eabi/lib/thumb/v7e-m/nofp/libm.a
END GROUP
START GROUP
LOAD /Users/cherikiansh/Desktop/STM32CubeIDE.app/Contents/Eclipse/plugins/com.st.stm32cube.ide.mcu.externaltools.gnu-tools-for-stm32.12.3.rel1.macos64_1.0.100.202403111906/tools/bin/../lib/gcc/arm-none-eabi/12.3.1/thumb/v7e-m/nofp/libgcc.a
LOAD /Users/cherikiansh/Desktop/STM32CubeIDE.app/Contents/Eclipse/plugins/com.st.stm32cube.ide.mcu.externaltools.gnu-tools-for-stm32.12.3.rel1.macos64_1.0.100.202403111906/tools/bin/../lib/gcc/arm-none-eabi/12.3.1/../../../../arm-none-eabi/lib/thumb/v7e-m/nofp/libc_nano.a
END GROUP
START GROUP
LOAD /Users/cherikiansh/Desktop/STM32CubeIDE.app/Contents/Eclipse/plugins/com.st.stm32cube.ide.mcu.externaltools.gnu-tools-for-stm32.12.3.rel1.macos64_1.0.100.202403111906/tools/bin/../lib/gcc/arm-none-eabi/12.3.1/thumb/v7e-m/nofp/libgcc.a
LOAD /Users/cherikiansh/Desktop/STM32CubeIDE.app/Contents/Eclipse/plugins/com.st.stm32cube.ide.mcu.externaltools.gnu-tools-for-stm32.12.3.rel1.macos64_1.0.100.202403111906/tools/bin/../lib/gcc/arm-none-eabi/12.3.1/../../../../arm-none-eabi/lib/thumb/v7e-m/nofp/libc_nano.a
LOAD /Users/cherikiansh/Desktop/STM32CubeIDE.app/Contents/Eclipse/plugins/com.st.stm32cube.ide.mcu.externaltools.gnu-tools-for-stm32.12.3.rel1.macos64_1.0.100.202403111906/tools/bin/../lib/gcc/arm-none-eabi/12.3.1/../../../../arm-none-eabi/lib/thumb/v7e-m/nofp/libnosys.a
END GROUP
START GROUP
LOAD /Users/cherikiansh/Desktop/STM32CubeIDE.app/Contents/Eclipse/plugins/com.st.stm32cube.ide.mcu.externaltools.gnu-tools-for-stm32.12.3.rel1.macos64_1.0.100.202403111906/tools/bin/../lib/gcc/arm-none-eabi/12.3.1/thumb/v7e-m/nofp/libgcc.a
LOAD /Users/cherikiansh/Desktop/STM32CubeIDE.app/Contents/Eclipse/plugins/com.st.stm32cube.ide.mcu.externaltools.gnu-tools-for-stm32.12.3.rel1.macos64_1.0.100.202403111906/tools/bin/../lib/gcc/arm-none-eabi/12.3.1/../../../../arm-none-eabi/lib/thumb/v7e-m/nofp/libc_nano.a
LOAD /Users/cherikiansh/Desktop/STM32CubeIDE.app/Contents/Eclipse/plugins/com.st.stm32cube.ide.mcu.externaltools.gnu-tools-for-stm32.12.3.rel1.macos64_1.0.100.202403111906/tools/bin/../lib/gcc/arm-none-eabi/12.3.1/../../../../arm-none-eabi/lib/thumb/v7e-m/nofp/libnosys.a
END GROUP
LOAD /Users/cherikiansh/Desktop/STM32CubeIDE.app/Contents/Eclipse/plugins/com.st.stm32cube.ide.mcu.externaltools.gnu-tools-for-stm32.12.3.rel1.macos64_1.0.100.202403111906/tools/bin/../lib/gcc/arm-none-eabi/12.3.1/thumb/v7e-m/nofp/crtend.o
LOAD /Users/cherikiansh/Desktop/STM32CubeIDE.app/Contents/Eclipse/plugins/com.st.stm32cube.ide.mcu.externaltools.gnu-tools-for-stm32.12.3.rel1.macos64_1.0.100.202403111906/tools/bin/../lib/gcc/arm-none-eabi/12.3.1/thumb/v7e-m/nofp/crtn.o
                0x20020000                        _estack = (ORIGIN (RAM) + LENGTH (RAM))
                0x00000200                        _Min_Heap_Size = 0x200
                0x00000400                        _Min_Stack_Size = 0x400

.isr_vector     0x08000000      0x188
                0x08000000                        . = ALIGN (0x4)
 *(.isr_vector)
 .isr_vector    0x08000000      0x188 ./Startup/startup_stm32f407vgtx.o
                0x08000000                g_pfnVectors
                0x08000188                        . = ALIGN (0x4)

.text           0x08000188      0x490
                0x08000188                        . = ALIGN (0x4)
 *(.text)
 .text          0x08000188       0x40 /Users/cherikiansh/Desktop/STM32CubeIDE.app/Contents/Eclipse/plugins/com.st.stm32cube.ide.mcu.externaltools.gnu-tools-for-stm32.12.3.rel1.macos64_1.0.100.202403111906/tools/bin/../lib/gcc/arm-none-eabi/12.3.1/thumb/v7e-m/nofp/crtbegin.o
 *(.text*)
 .text.LedInit  0x080001c8       0xb4 ./Src/ledver.o
                0x080001c8                LedInit
 .text.Ledon    0x0800027c       0x2c ./Src/ledver.o
                0x0800027c                Ledon
 .text.Ledoff   0x080002a8       0x2c ./Src/ledver.o
                0x080002a8                Ledoff
 .text.main     0x080002d4       0xb8 ./Src/main.o
                0x080002d4                main
 .text.SystemInit
                0x0800038c        0xc ./Src/system_stm32f4xx.o
                0x0800038c                SystemInit
 .text.DWT_Init
                0x08000398       0x60 ./Src/system_stm32f4xx.o
                0x08000398                DWT_Init
 .text.uartinit
                0x080003f8       0xdc ./Src/usart.o
                0x080003f8                uartinit
 .text.uartputch
                0x080004d4       0x2c ./Src/usart.o
                0x080004d4                uartputch
 .text.uartgetch
                0x08000500       0x2c ./Src/usart.o
                0x08000500                uartgetch
 .text.uartputs
                0x0800052c       0x38 ./Src/usart.o
                0x0800052c                uartputs
 .text.Reset_Handler
                0x08000564       0x50 ./Startup/startup_stm32f407vgtx.o
                0x08000564                Reset_Handler
 .text.Default_Handler
                0x080005b4        0x2 ./Startup/startup_stm32f407vgtx.o
                0x080005b4                DMA1_Stream3_IRQHandler
                0x080005b4                HASH_RNG_IRQHandler
                0x080005b4                EXTI2_IRQHandler
                0x080005b4                TIM8_CC_IRQHandler
                0x080005b4                DebugMon_Handler
                0x080005b4                TIM1_CC_IRQHandler
                0x080005b4                DMA2_Stream5_IRQHandler
                0x080005b4                HardFault_Handler
                0x080005b4                DMA1_Stream5_IRQHandler
                0x080005b4                SysTick_Handler
                0x080005b4                PVD_IRQHandler
                0x080005b4                SDIO_IRQHandler
                0x080005b4                TAMP_STAMP_IRQHandler
                0x080005b4                PendSV_Handler
                0x080005b4                NMI_Handler
                0x080005b4                CAN2_RX1_IRQHandler
                0x080005b4                EXTI3_IRQHandler
                0x080005b4                TIM8_TRG_COM_TIM14_IRQHandler
                0x080005b4                TIM1_UP_TIM10_IRQHandler
                0x080005b4                TIM8_UP_TIM13_IRQHandler
                0x080005b4                I2C3_ER_IRQHandler
                0x080005b4                EXTI0_IRQHandler
                0x080005b4                I2C2_EV_IRQHandler
                0x080005b4                DMA1_Stream2_IRQHandler
                0x080005b4                CAN1_RX0_IRQHandler
                0x080005b4                FPU_IRQHandler
                0x080005b4                OTG_HS_WKUP_IRQHandler
                0x080005b4                UsageFault_Handler
                0x080005b4                CAN2_SCE_IRQHandler
                0x080005b4                DMA2_Stream2_IRQHandler
                0x080005b4                SPI1_IRQHandler
                0x080005b4                TIM6_DAC_IRQHandler
                0x080005b4                TIM1_BRK_TIM9_IRQHandler
                0x080005b4                DCMI_IRQHandler
                0x080005b4                CAN2_RX0_IRQHandler
                0x080005b4                DMA2_Stream3_IRQHandler
                0x080005b4                USART6_IRQHandler
                0x080005b4                USART3_IRQHandler
                0x080005b4                CRYP_IRQHandler
                0x080005b4                CAN1_RX1_IRQHandler
                0x080005b4                UART5_IRQHandler
                0x080005b4                DMA2_Stream0_IRQHandler
                0x080005b4                TIM4_IRQHandler
                0x080005b4                I2C1_EV_IRQHandler
                0x080005b4                DMA1_Stream6_IRQHandler
                0x080005b4                DMA1_Stream1_IRQHandler
                0x080005b4                UART4_IRQHandler
                0x080005b4                TIM3_IRQHandler
                0x080005b4                RCC_IRQHandler
                0x080005b4                TIM8_BRK_TIM12_IRQHandler
                0x080005b4                Default_Handler
                0x080005b4                EXTI15_10_IRQHandler
                0x080005b4                ADC_IRQHandler
                0x080005b4                DMA1_Stream7_IRQHandler
                0x080005b4                TIM7_IRQHandler
                0x080005b4                CAN2_TX_IRQHandler
                0x080005b4                TIM5_IRQHandler
                0x080005b4                DMA2_Stream7_IRQHandler
                0x080005b4                I2C3_EV_IRQHandler
                0x080005b4                EXTI9_5_IRQHandler
                0x080005b4                RTC_WKUP_IRQHandler
                0x080005b4                ETH_WKUP_IRQHandler
                0x080005b4                SPI2_IRQHandler
                0x080005b4                OTG_HS_EP1_IN_IRQHandler
                0x080005b4                MemManage_Handler
                0x080005b4                DMA1_Stream0_IRQHandler
                0x080005b4                CAN1_TX_IRQHandler
                0x080005b4                SVC_Handler
                0x080005b4                EXTI4_IRQHandler
                0x080005b4                FSMC_IRQHandler
                0x080005b4                ETH_IRQHandler
                0x080005b4                OTG_HS_EP1_OUT_IRQHandler
                0x080005b4                WWDG_IRQHandler
                0x080005b4                TIM2_IRQHandler
                0x080005b4                OTG_FS_WKUP_IRQHandler
                0x080005b4                TIM1_TRG_COM_TIM11_IRQHandler
                0x080005b4                OTG_HS_IRQHandler
                0x080005b4                EXTI1_IRQHandler
                0x080005b4                USART2_IRQHandler
                0x080005b4                I2C2_ER_IRQHandler
                0x080005b4                DMA2_Stream1_IRQHandler
                0x080005b4                CAN1_SCE_IRQHandler
                0x080005b4                DMA2_Stream4_IRQHandler
                0x080005b4                BusFault_Handler
                0x080005b4                USART1_IRQHandler
                0x080005b4                OTG_FS_IRQHandler
                0x080005b4                SPI3_IRQHandler
                0x080005b4                DMA1_Stream4_IRQHandler
                0x080005b4                I2C1_ER_IRQHandler
                0x080005b4                DMA2_Stream6_IRQHandler
                0x080005b4                RTC_Alarm_IRQHandler
 *fill*         0x080005b6        0x2 
 .text.__libc_init_array
                0x080005b8       0x48 /Users/cherikiansh/Desktop/STM32CubeIDE.app/Contents/Eclipse/plugins/com.st.stm32cube.ide.mcu.externaltools.gnu-tools-for-stm32.12.3.rel1.macos64_1.0.100.202403111906/tools/bin/../lib/gcc/arm-none-eabi/12.3.1/../../../../arm-none-eabi/lib/thumb/v7e-m/nofp/libc_nano.a(libc_a-init.o)
                0x080005b8                __libc_init_array
 *(.glue_7)
 .glue_7        0x08000600        0x0 linker stubs
 *(.glue_7t)
 .glue_7t       0x08000600        0x0 linker stubs
 *(.eh_frame)
 .eh_frame      0x08000600        0x0 /Users/cherikiansh/Desktop/STM32CubeIDE.app/Contents/Eclipse/plugins/com.st.stm32cube.ide.mcu.externaltools.gnu-tools-for-stm32.12.3.rel1.macos64_1.0.100.202403111906/tools/bin/../lib/gcc/arm-none-eabi/12.3.1/thumb/v7e-m/nofp/crtbegin.o
 *(.init)
 .init          0x08000600        0x4 /Users/cherikiansh/Desktop/STM32CubeIDE.app/Contents/Eclipse/plugins/com.st.stm32cube.ide.mcu.externaltools.gnu-tools-for-stm32.12.3.rel1.macos64_1.0.100.202403111906/tools/bin/../lib/gcc/arm-none-eabi/12.3.1/thumb/v7e-m/nofp/crti.o
                0x08000600                _init
 .init          0x08000604        0x8 /Users/cherikiansh/Desktop/STM32CubeIDE.app/Contents/Eclipse/plugins/com.st.stm32cube.ide.mcu.externaltools.gnu-tools-for-stm32.12.3.rel1.macos64_1.0.100.202403111906/tools/bin/../lib/gcc/arm-none-eabi/12.3.1/thumb/v7e-m/nofp/crtn.o
 *(.fini)
 .fini          0x0800060c        0x4 /Users/cherikiansh/Desktop/STM32CubeIDE.app/Contents/Eclipse/plugins/com.st.stm32cube.ide.mcu.externaltools.gnu-tools-for-stm32.12.3.rel1.macos64_1.0.100.202403111906/tools/bin/../lib/gcc/arm-none-eabi/12.3.1/thumb/v7e-m/nofp/crti.o
                0x0800060c                _fini
 .fini          0x08000610        0x8 /Users/cherikiansh/Desktop/STM32CubeIDE.app/Contents/Eclipse/plugins/com.st.stm32cube.ide.mcu.externaltools.gnu-tools-for-stm32.12.3.rel1.macos64_1.0.100.202403111906/tools/bin/../lib/gcc/arm-none-eabi/12.3.1/thumb/v7e-m/nofp/crtn.o
                0x08000618                        . = ALIGN (0x4)
                0x08000618                        _etext = .

.vfp11_veneer   0x08000618        0x0
 .vfp11_veneer  0x08000618        0x0 linker stubs

.v4_bx          0x08000618        0x0
 .v4_bx         0x08000618        0x0 linker stubs

.iplt           0x08000618        0x0
 .iplt          0x08000618        0x0 /Users/cherikiansh/Desktop/STM32CubeIDE.app/Contents/Eclipse/plugins/com.st.stm32cube.ide.mcu.externaltools.gnu-tools-for-stm32.12.3.rel1.macos64_1.0.100.202403111906/tools/bin/../lib/gcc/arm-none-eabi/12.3.1/thumb/v7e-m/nofp/crtbegin.o

.rodata         0x08000618       0x50
                0x08000618                        . = ALIGN (0x4)
 *(.rodata)
 .rodata        0x08000618       0x4d ./Src/main.o
 *(.rodata*)
                0x08000668                        . = ALIGN (0x4)
 *fill*         0x08000665        0x3 

.ARM.extab      0x08000668        0x0
                0x08000668                        . = ALIGN (0x4)
 *(.ARM.extab* .gnu.linkonce.armextab.*)
                0x08000668                        . = ALIGN (0x4)

.ARM            0x08000668        0x0
                0x08000668                        . = ALIGN (0x4)
                0x08000668                        __exidx_start = .
 *(.ARM.exidx*)
                0x08000668                        __exidx_end = .
                0x08000668                        . = ALIGN (0x4)

.preinit_array  0x08000668        0x0
                0x08000668                        . = ALIGN (0x4)
                0x08000668                        PROVIDE (__preinit_array_start = .)
 *(.preinit_array*)
                0x08000668                        PROVIDE (__preinit_array_end = .)
                0x08000668                        . = ALIGN (0x4)

.init_array     0x08000668        0x4
                0x08000668                        . = ALIGN (0x4)
                0x08000668                        PROVIDE (__init_array_start = .)
 *(SORT_BY_NAME(.init_array.*))
 *(.init_array*)
 .init_array    0x08000668        0x4 /Users/cherikiansh/Desktop/STM32CubeIDE.app/Contents/Eclipse/plugins/com.st.stm32cube.ide.mcu.externaltools.gnu-tools-for-stm32.12.3.rel1.macos64_1.0.100.202403111906/tools/bin/../lib/gcc/arm-none-eabi/12.3.1/thumb/v7e-m/nofp/crtbegin.o
                0x0800066c                        PROVIDE (__init_array_end = .)
                0x0800066c                        . = ALIGN (0x4)

.fini_array     0x0800066c        0x4
                0x0800066c                        . = ALIGN (0x4)
                [!provide]                        PROVIDE (__fini_array_start = .)
 *(SORT_BY_NAME(.fini_array.*))
 *(.fini_array*)
 .fini_array    0x0800066c        0x4 /Users/cherikiansh/Desktop/STM32CubeIDE.app/Contents/Eclipse/plugins/com.st.stm32cube.ide.mcu.externaltools.gnu-tools-for-stm32.12.3.rel1.macos64_1.0.100.202403111906/tools/bin/../lib/gcc/arm-none-eabi/12.3.1/thumb/v7e-m/nofp/crtbegin.o
                [!provide]                        PROVIDE (__fini_array_end = .)
                0x08000670                        . = ALIGN (0x4)
                0x08000670                        _sidata = LOADADDR (.data)

.rel.dyn        0x08000670        0x0
 .rel.iplt      0x08000670        0x0 /Users/cherikiansh/Desktop/STM32CubeIDE.app/Contents/Eclipse/plugins/com.st.stm32cube.ide.mcu.externaltools.gnu-tools-for-stm32.12.3.rel1.macos64_1.0.100.202403111906/tools/bin/../lib/gcc/arm-none-eabi/12.3.1/thumb/v7e-m/nofp/crtbegin.o

.data           0x20000000        0x0 load address 0x08000670
                0x20000000                        . = ALIGN (0x4)
                0x20000000                        _sdata = .
 *(.data)
 *(.data*)
 *(.RamFunc)
 *(.RamFunc*)
                0x20000000                        . = ALIGN (0x4)
                0x20000000                        _edata = .
                0x08000670                        _siccmram = LOADADDR (.ccmram)

.igot.plt       0x20000000        0x0 load address 0x08000670
 .igot.plt      0x20000000        0x0 /Users/cherikiansh/Desktop/STM32CubeIDE.app/Contents/Eclipse/plugins/com.st.stm32cube.ide.mcu.externaltools.gnu-tools-for-stm32.12.3.rel1.macos64_1.0.100.202403111906/tools/bin/../lib/gcc/arm-none-eabi/12.3.1/thumb/v7e-m/nofp/crtbegin.o

.ccmram         0x10000000        0x0 load address 0x08000670
                0x10000000                        . = ALIGN (0x4)
                0x10000000                        _sccmram = .
 *(.ccmram)
 *(.ccmram*)
                0x10000000                        . = ALIGN (0x4)
                0x10000000                        _eccmram = .
                0x10000000                        . = ALIGN (0x4)

.bss            0x20000000       0x1c
                0x20000000                        _sbss = .
                0x20000000                        __bss_start__ = _sbss
 *(.bss)
 .bss           0x20000000       0x1c /Users/cherikiansh/Desktop/STM32CubeIDE.app/Contents/Eclipse/plugins/com.st.stm32cube.ide.mcu.externaltools.gnu-tools-for-stm32.12.3.rel1.macos64_1.0.100.202403111906/tools/bin/../lib/gcc/arm-none-eabi/12.3.1/thumb/v7e-m/nofp/crtbegin.o
 *(.bss*)
 *(COMMON)
                0x2000001c                        . = ALIGN (0x4)
                0x2000001c                        _ebss = .
                0x2000001c                        __bss_end__ = _ebss

._user_heap_stack
                0x2000001c      0x604
                0x20000020                        . = ALIGN (0x8)
 *fill*         0x2000001c        0x4 
                [!provide]                        PROVIDE (end = .)
                0x20000020                        PROVIDE (_end = .)
                0x20000220                        . = (. + _Min_Heap_Size)
 *fill*         0x20000020      0x200 
                0x20000620                        . = (. + _Min_Stack_Size)
 *fill*         0x20000220      0x400 
                0x20000620                        . = ALIGN (0x8)

/DISCARD/
 libc.a(*)
 libm.a(*)
 libgcc.a(*)

.ARM.attributes
                0x00000000       0x2a
 *(.ARM.attributes)
 .ARM.attributes
                0x00000000       0x1e /Users/cherikiansh/Desktop/STM32CubeIDE.app/Contents/Eclipse/plugins/com.st.stm32cube.ide.mcu.externaltools.gnu-tools-for-stm32.12.3.rel1.macos64_1.0.100.202403111906/tools/bin/../lib/gcc/arm-none-eabi/12.3.1/thumb/v7e-m/nofp/crti.o
 .ARM.attributes
                0x0000001e       0x2e /Users/cherikiansh/Desktop/STM32CubeIDE.app/Contents/Eclipse/plugins/com.st.stm32cube.ide.mcu.externaltools.gnu-tools-for-stm32.12.3.rel1.macos64_1.0.100.202403111906/tools/bin/../lib/gcc/arm-none-eabi/12.3.1/thumb/v7e-m/nofp/crtbegin.o
 .ARM.attributes
                0x0000004c       0x2e ./Src/ledver.o
 .ARM.attributes
                0x0000007a       0x2e ./Src/main.o
 .ARM.attributes
                0x000000a8       0x2e ./Src/system_stm32f4xx.o
 .ARM.attributes
                0x000000d6       0x2e ./Src/usart.o
 .ARM.attributes
                0x00000104       0x21 ./Startup/startup_stm32f407vgtx.o
 .ARM.attributes
                0x00000125       0x2e /Users/cherikiansh/Desktop/STM32CubeIDE.app/Contents/Eclipse/plugins/com.st.stm32cube.ide.mcu.externaltools.gnu-tools-for-stm32.12.3.rel1.macos64_1.0.100.202403111906/tools/bin/../lib/gcc/arm-none-eabi/12.3.1/../../../../arm-none-eabi/lib/thumb/v7e-m/nofp/libc_nano.a(libc_a-init.o)
 .ARM.attributes
                0x00000153       0x1e /Users/cherikiansh/Desktop/STM32CubeIDE.app/Contents/Eclipse/plugins/com.st.stm32cube.ide.mcu.externaltools.gnu-tools-for-stm32.12.3.rel1.macos64_1.0.100.202403111906/tools/bin/../lib/gcc/arm-none-eabi/12.3.1/thumb/v7e-m/nofp/crtn.o
OUTPUT(Day7_2.elf elf32-littlearm)
LOAD linker stubs
LOAD /Users/cherikiansh/Desktop/STM32CubeIDE.app/Contents/Eclipse/plugins/com.st.stm32cube.ide.mcu.externaltools.gnu-tools-for-stm32.12.3.rel1.macos64_1.0.100.202403111906/tools/bin/../lib/gcc/arm-none-eabi/12.3.1/../../../../arm-none-eabi/lib/thumb/v7e-m/nofp/libc.a
LOAD /Users/cherikiansh/Desktop/STM32CubeIDE.app/Contents/Eclipse/plugins/com.st.stm32cube.ide.mcu.externaltools.gnu-tools-for-stm32.12.3.rel1.macos64_1.0.100.202403111906/tools/bin/../lib/gcc/arm-none-eabi/12.3.1/../../../../arm-none-eabi/lib/thumb/v7e-m/nofp/libm.a
LOAD /Users/cherikiansh/Desktop/STM32CubeIDE.app/Contents/Eclipse/plugins/com.st.stm32cube.ide.mcu.externaltools.gnu-tools-for-stm32.12.3.rel1.macos64_1.0.100.202403111906/tools/bin/../lib/gcc/arm-none-eabi/12.3.1/thumb/v7e-m/nofp/libgcc.a

.debug_info     0x00000000     0x1008
 .debug_info    0x00000000      0x549 ./Src/ledver.o
 .debug_info    0x00000549      0x143 ./Src/main.o
 .debug_info    0x0000068c      0x53c ./Src/system_stm32f4xx.o
 .debug_info    0x00000bc8      0x410 ./Src/usart.o
 .debug_info    0x00000fd8       0x30 ./Startup/startup_stm32f407vgtx.o

.debug_abbrev   0x00000000      0x4b0
 .debug_abbrev  0x00000000      0x136 ./Src/ledver.o
 .debug_abbrev  0x00000136       0xb5 ./Src/main.o
 .debug_abbrev  0x000001eb      0x158 ./Src/system_stm32f4xx.o
 .debug_abbrev  0x00000343      0x149 ./Src/usart.o
 .debug_abbrev  0x0000048c       0x24 ./Startup/startup_stm32f407vgtx.o

.debug_aranges  0x00000000      0x100
 .debug_aranges
                0x00000000       0x40 ./Src/ledver.o
 .debug_aranges
                0x00000040       0x20 ./Src/main.o
 .debug_aranges
                0x00000060       0x38 ./Src/system_stm32f4xx.o
 .debug_aranges
                0x00000098       0x40 ./Src/usart.o
 .debug_aranges
                0x000000d8       0x28 ./Startup/startup_stm32f407vgtx.o

.debug_rnglists
                0x00000000       0xab
 .debug_rnglists
                0x00000000       0x2c ./Src/ledver.o
 .debug_rnglists
                0x0000002c       0x14 ./Src/main.o
 .debug_rnglists
                0x00000040       0x26 ./Src/system_stm32f4xx.o
 .debug_rnglists
                0x00000066       0x2c ./Src/usart.o
 .debug_rnglists
                0x00000092       0x19 ./Startup/startup_stm32f407vgtx.o

.debug_macro    0x00000000    0x18177
 .debug_macro   0x00000000       0xd4 ./Src/ledver.o
 .debug_macro   0x000000d4       0x2f ./Src/ledver.o
 .debug_macro   0x00000103       0x1c ./Src/ledver.o
 .debug_macro   0x0000011f       0x22 ./Src/ledver.o
 .debug_macro   0x00000141       0xd9 ./Src/ledver.o
 .debug_macro   0x0000021a     0x102d ./Src/ledver.o
 .debug_macro   0x00001247      0x11f ./Src/ledver.o
 .debug_macro   0x00001366       0x11 ./Src/ledver.o
 .debug_macro   0x00001377    0x15e3c ./Src/ledver.o
 .debug_macro   0x000171b3       0x74 ./Src/ledver.o
 .debug_macro   0x00017227       0x2e ./Src/ledver.o
 .debug_macro   0x00017255      0x1c4 ./Src/main.o
 .debug_macro   0x00017419       0x61 ./Src/main.o
 .debug_macro   0x0001747a       0x24 ./Src/main.o
 .debug_macro   0x0001749e       0x43 ./Src/main.o
 .debug_macro   0x000174e1       0x34 ./Src/main.o
 .debug_macro   0x00017515       0x16 ./Src/main.o
 .debug_macro   0x0001752b       0x9e ./Src/main.o
 .debug_macro   0x000175c9      0x369 ./Src/main.o
 .debug_macro   0x00017932      0x10b ./Src/main.o
 .debug_macro   0x00017a3d       0x10 ./Src/main.o
 .debug_macro   0x00017a4d       0x16 ./Src/main.o
 .debug_macro   0x00017a63       0x43 ./Src/main.o
 .debug_macro   0x00017aa6       0x34 ./Src/main.o
 .debug_macro   0x00017ada       0x10 ./Src/main.o
 .debug_macro   0x00017aea       0x58 ./Src/main.o
 .debug_macro   0x00017b42       0x8e ./Src/main.o
 .debug_macro   0x00017bd0       0x1c ./Src/main.o
 .debug_macro   0x00017bec      0x177 ./Src/main.o
 .debug_macro   0x00017d63       0x16 ./Src/main.o
 .debug_macro   0x00017d79       0x16 ./Src/main.o
 .debug_macro   0x00017d8f      0x146 ./Src/main.o
 .debug_macro   0x00017ed5       0x2e ./Src/main.o
 .debug_macro   0x00017f03       0x4a ./Src/main.o
 .debug_macro   0x00017f4d       0x2e ./Src/main.o
 .debug_macro   0x00017f7b       0xe0 ./Src/system_stm32f4xx.o
 .debug_macro   0x0001805b       0xf4 ./Src/usart.o
 .debug_macro   0x0001814f       0x28 ./Src/usart.o

.debug_line     0x00000000     0x1737
 .debug_line    0x00000000      0x564 ./Src/ledver.o
 .debug_line    0x00000564      0x635 ./Src/main.o
 .debug_line    0x00000b99      0x55a ./Src/system_stm32f4xx.o
 .debug_line    0x000010f3      0x5c9 ./Src/usart.o
 .debug_line    0x000016bc       0x7b ./Startup/startup_stm32f407vgtx.o

.debug_str      0x00000000    0x8b83d
 .debug_str     0x00000000    0x87c0f ./Src/ledver.o
                              0x87d8b (size before relaxing)
 .debug_str     0x00087c0f     0x3a9b ./Src/main.o
                              0x8b6a2 (size before relaxing)
 .debug_str     0x0008b6aa       0xee ./Src/system_stm32f4xx.o
                              0x87dbd (size before relaxing)
 .debug_str     0x0008b798       0x66 ./Src/usart.o
                              0x87d4b (size before relaxing)
 .debug_str     0x0008b7fe       0x3f ./Startup/startup_stm32f407vgtx.o
                                 0x7d (size before relaxing)

.comment        0x00000000       0x43
 .comment       0x00000000       0x43 ./Src/ledver.o
                                 0x44 (size before relaxing)
 .comment       0x00000043       0x44 ./Src/main.o
 .comment       0x00000043       0x44 ./Src/system_stm32f4xx.o
 .comment       0x00000043       0x44 ./Src/usart.o

.debug_frame    0x00000000      0x284
 .debug_frame   0x00000000       0xd4 ./Src/ledver.o
 .debug_frame   0x000000d4       0x30 ./Src/main.o
 .debug_frame   0x00000104       0x84 ./Src/system_stm32f4xx.o
 .debug_frame   0x00000188       0xd0 ./Src/usart.o
 .debug_frame   0x00000258       0x2c /Users/cherikiansh/Desktop/STM32CubeIDE.app/Contents/Eclipse/plugins/com.st.stm32cube.ide.mcu.externaltools.gnu-tools-for-stm32.12.3.rel1.macos64_1.0.100.202403111906/tools/bin/../lib/gcc/arm-none-eabi/12.3.1/../../../../arm-none-eabi/lib/thumb/v7e-m/nofp/libc_nano.a(libc_a-init.o)

.debug_loclists
                0x00000000       0x1f
 .debug_loclists
                0x00000000       0x1f ./Src/system_stm32f4xx.o

.debug_line_str
                0x00000000       0x61
 .debug_line_str
                0x00000000       0x61 ./Startup/startup_stm32f407vgtx.o
